[www.constructconnect.com/blog/7-major-trends-will-impact-construction-industry.html]
[backblue.gif]
[fade.gif]
[index.html]
[www.constructconnect.com/hs/hsstatic/jquery-libs/static-1.1/jquery/jquery-1.7.1.js]
[code.jquery.com/jquery-3.6.0.min.js]
[connect.facebook.net/en_US/fbevents.js]
[www.constructconnect.com/blog/7-major-trends-will-impact-construction-industry3d9f.html]
[www.constructconnect.com/blog/rss.html]
[cdn2.hubspot.net/hub/7052064/hub_generated/template_assets/1666975913009/hubspot/hubspot_default/shared/responsive/layout.min.css]
[www.constructconnect.com/hs-fs/hub/2347101/hub_generated/template_assets/11515906806/1603458044211/HubUI/templates/BOP.min.css]
[munchkin.marketo.net/munchkin.js]
[kit.fontawesome.com/8996833100.js]
[www.constructconnect.com/hubfs/assets/images/constructconnect-logo_white.png]
[www.constructconnect.com/hs-fs/hub/2347101/hub_generated/template_assets/10778989189/1666628688551/HubUI/assets/production.css]
[www.constructconnect.com/blog/tag/economy.f.delayed]
[platform.linkedin.com/in.js]
[www.constructconnect.com/blog/tag/industry-snapshot]
[cdnjs.cloudflare.com/ajax/libs/jquery-cookie/1.4.1/jquery.cookie.js]
[www.constructconnect.com/blog/tag/construction-bidding.html]
[js.hsforms.net/forms/v2.js]
[js.hscta.net/cta/current.js]
[www.constructconnect.com/hubfs/Imported_Blog_Media/shutterstock_7476265541-e1533727206518-2.jpg]
[298890.fs1.hubspotusercontent-na1.net/hubfs/298890/blog-files/blog--cards-feature.png]
[www.constructconnect.com/blog/author/casey-heigl.html]
[www.constructconnect.com/blog/tag/construction-industry-news.html]
[no-cache.hubspot.com/cta/default/2347101/9ee7f320-5c2e-49ac-b9a5-7f147af7aa2c.png]
[www.constructconnect.com/hs/cta/cta/current.js]
[www.constructconnect.com/hs-fs/hubfs/Imported_Blog_Media/safetyaerial-300x200-1c7e6.jpg]
[www.constructconnect.com/hs-fs/hubfs/Imported_Blog_Media/bricklayer-300x200-1e10b.jpg]
[no-cache.hubspot.com/cta/default/2347101/127ebdd9-c2ba-4ff2-b8aa-9a21317cde43.png]
[www.constructconnect.com/blog/7-tips-networking-construction-industry.html]
[www.constructconnect.com/hubfs/networking_in_construction_shutterstock_1662291403-1.jpg]
[www.constructconnect.com/hubfs/assets/images/placeholders/16x9.png]
[www.constructconnect.com/blog/building-design-evolved-wake-increased-natural-disasters.html]
[www.constructconnect.com/hubfs/Imported_Blog_Media/natural-disaster-2.jpg]
[www.constructconnect.com/blog/rise-importance-online-osha-training.html]
[www.constructconnect.com/hubfs/Imported_Blog_Media/oshatraining-2.jpg]
[www.constructconnect.com/hs-fs/hub/2347101/hub_generated/template_assets/12136716284/1580250760656/HubUI/templates/rcdcanadata.min.css]
[www.constructconnect.com/blog/tag/operating-insights.html]
[www.constructconnect.com/blog/tag/construction-safety.html]
[www.constructconnect.com/blog/tag/construction-technology.html]
[www.constructconnect.com/blog/tag/covid-19.html]
[www.constructconnect.com/blog/tag/manufacturing.html]
[www.constructconnect.com/blog/tag/community-outreach.html]
[www.constructconnect.com/blog/tag/green-construction.html]
[www.constructconnect.com/blog/tag/constructconnect-news.html]
[www.constructconnect.com/blog/tag/takeoff-estimating.html]
[www.constructconnect.com/blog/tag/construction-law.html]
[www.constructconnect.com/blog/tag/construction-fun.html]
[www.constructconnect.com/blog/tag/architecture.html]
[www.constructconnect.com/blog/tag/bid-board.html]
[www.constructconnect.com/hubfs/assets/images/bg--bofu.jpg]
[cdn2.hubspot.net/hubfs/2347101/assets/images/constructconnect-logo-stacked.png]
[www.constructconnect.com/hubfs/logos/partners/footer_agc_logo.png]
[www.constructconnect.com/hubfs/logos/partners/footer_aia_logo.png]
[www.constructconnect.com/blog/POST]
[www.constructconnect.com/hs-fs/hub/2347101/hub_generated/template_assets/10778913383/1627319704103/HubUI/assets/production.js]
[www.constructconnect.com/hs/hsstatic/cos-i18n/static-1.53/bundles/project.js]
[www.constructconnect.com/hs/hsstatic/keyboard-accessible-menu-flyouts/static-1.17/bundles/project.js]
[www.constructconnect.com/hs-fs/hub/2347101/hub_generated/module_assets/1598360801823/module_11522983119_BOP_Menu.js]
[www.constructconnect.com/_hcms/forms/v2.js]
[www.constructconnect.com/hs-fs/hub/2347101/hub_generated/module_assets/41289365239/1612534621696/module_41289365239_BOFU_Blog.min.js]
[www.constructconnect.com/hs/scriptloader/2347101657b.js]
[www.constructconnect.com/hs/hsstatic/HubspotToolsMenu/static-1.138/js/index.js]
[snap.licdn.com/li.lms-analytics/insight.min.js]
[connect.facebook.net/en_GB/all.js]
[platform.twitter.com/widgets.js]
[www.constructconnect.com/blog/7-major-trends-will-impact-construction-industry.html]
[www.googletagmanager.com/gtm5445.html]
[www.constructconnect.com/blog/c]
[www.constructconnect.com/blog/b]
[connect.facebook.net/en_US/fbevents.js]
[cdn.ampproject.org/v0/amp-iframe-0.1.js]
[cdn.ampproject.org/v0/amp-analytics-0.1.js]
[cdn.ampproject.org/v0.js]
[www.constructconnect.com/hs/hsstatic/content_shared_assets/static-1.4092/img/iframe-expand.png]
[track.hubspot.com/__ptqa4f4.gif]
[www.constructconnect.com/blog/7-major-trends-will-impact-construction-industry3d9f.html]
[www.constructconnect.com/blog/rss.html]
[cdn2.hubspot.net/hub/7052064/hub_generated/template_assets/1666975913009/hubspot/hubspot_default/shared/responsive/layout.min.css]
[www.constructconnect.com/hs-fs/hub/2347101/hub_generated/template_assets/11515906806/1603458044211/HubUI/templates/BOP.min.css]
[cdnjs.cloudflare.com/ajax/libs/fancybox/3.5.2/jquery.fancybox.min.css]
[cdnjs.cloudflare.com/ajax/libs/slick-carousel/1.8.0/slick-theme.css]
[cdnjs.cloudflare.com/ajax/libs/slick-carousel/1.8.0/slick.min.css]
[tools.impactbnd.com/production/global/production--dropdown.png]
[tools.impactbnd.com/production/global/recaptcha_logo.png]
[2347101.fs1.hubspotusercontent-na1.net/hubfs/2347101/assets/images/backgrounds/bg--texture.jpg]
[2347101.fs1.hubspotusercontent-na1.net/hubfs/2347101/assets/images/backgrounds/bg--texture-angle.jpg]
[www.constructconnect.com/hs-fs/hub/2347101/hub_generated/template_assets/10778989189/1666628688551/HubUI/assets/production.css]
[munchkin.marketo.net/munchkin.js]
[www.constructconnect.com/blog/tag/economy.html]
[www.constructconnect.com/blog/tag/industry-snapshot.html]
[www.constructconnect.com/blog/real-estimators-of-genius-we-salute-you.html]
[www.constructconnect.com/hubfs/CC_blog_real_estimators_genius.jpg]
